/Users/r00t/github/jarvis/test-memory.sh: line 6: timeout: command not found
